// Jest Snapshot v1, https://goo.gl/fbAQLP

exports[`Start page Start page renders 1`] = `
<div>
  <div
    class="App"
  >
    <h1>
      Welcome at SummonerDash!!!
    </h1>
    <form
      id="search-form"
      method="GET"
    >
      <label
        for="search"
      >
        search
      </label>
      <input
        id="search-input"
        name="search"
        placeholder="Name"
      />
      <button
        id="search-butt"
        type="submit"
      >
        Search!
      </button>
    </form>
  </div>
</div>
`;
